<html>
<body>
<pre>
<h1>µVision Build Log</h1>
<h2>Tool Versions:</h2>
IDE-Version: µVision V5.36.0.0
Copyright (C) 2021 ARM Ltd and ARM Germany GmbH. All rights reserved.
License Information: pikagros DELL, pikones, LIC=----
 
Tool Versions:
Toolchain:       MDK-Lite  Version: 5.36.0.0
Toolchain Path:  D:\Programs\keil arm core\ARM\ARMCLANG\Bin
C Compiler:      ArmClang.exe V6.16
Assembler:       Armasm.exe V6.16
Linker/Locator:  ArmLink.exe V6.16
Library Manager: ArmAr.exe V6.16
Hex Converter:   FromElf.exe V6.16
CPU DLL:         SARMCM3.DLL V5.36.0.0
Dialog DLL:      DCM.DLL V1.17.3.0
Target DLL:      lmidk-agdi.dll V???
Dialog DLL:      TCM.DLL V1.53.0.0
 
<h2>Project:</h2>
C:\Users\DELL\Documents\praticasMicro\AP2_VINI_DANI\lab2.uvprojx
Project File Date:  05/10/2022

<h2>Output:</h2>
*** Using Compiler 'V6.16', folder: 'D:\Programs\keil arm core\ARM\ARMCLANG\Bin'
Rebuild target 'Target 1'
assembling startup.s...
assembling gpio.s...
assembling teclado.s...
assembling utils.s...
"main.s", line 61: Warning: A1581W: Added 1 bytes of padding at address 0x13
   61 00000014     BL PLL_Init                  ;Chama a subrotina para alterar o clock do microcontrolador para 80MHz
0 Errors, 1 Warning
assembling main.s...
linking...
Program Size: Code=2852 RO-data=0 RW-data=0 ZI-data=1024  
".\Objects\lab2.axf" - 0 Error(s), 0 Warning(s).

<h2>Software Packages used:</h2>

Package Vendor: Keil
                http://www.keil.com/pack/Keil.TM4C_DFP.1.1.0.pack
                Keil.TM4C_DFP.1.1.0
                Texas Instruments Tiva C Series Device Support and Examples

<h2>Collection of Component include folders:</h2>
  D:\Programs\keil arm core\Keil\TM4C_DFP\1.1.0\Device\Include\TM4C129

<h2>Collection of Component Files used:</h2>
Build Time Elapsed:  00:00:02
</pre>
</body>
</html>
